../Core/Src/main.c:65:5:__io_putchar	24	static
../Core/Src/main.c:87:6:float_to_data2	16	static
../Core/Src/main.c:111:6:myprintf	16	static
../Core/Src/main.c:128:5:main	168	static
../Core/Src/main.c:415:6:SystemClock_Config	136	static
../Core/Src/main.c:465:13:MX_I2C1_Init	8	static
../Core/Src/main.c:513:13:MX_SPI2_Init	8	static
../Core/Src/main.c:551:13:MX_USART2_UART_Init	8	static
../Core/Src/main.c:586:13:MX_GPIO_Init	56	static
../Core/Src/main.c:643:6:sSensor	24	static
../Core/Src/main.c:673:6:pProcessor	48	static
../Core/Src/main.c:707:6:sLogger	40	static
../Core/Src/main.c:762:6:EXTI0_1_IRQHandler	8	static
../Core/Src/main.c:788:6:sHandler	16	static
../Core/Src/main.c:815:6:HAL_TIM_PeriodElapsedCallback	16	static
../Core/Src/main.c:832:6:Error_Handler	8	static,ignoring_inline_asm
