../Core/Src/main.c:57:5:__io_putchar	24	static
../Core/Src/main.c:83:6:myprintf	16	static
../Core/Src/main.c:100:5:main	1328	static
../Core/Src/main.c:343:6:SystemClock_Config	136	static
../Core/Src/main.c:393:13:MX_I2C1_Init	8	static
../Core/Src/main.c:441:13:MX_SPI2_Init	8	static
../Core/Src/main.c:479:13:MX_USART2_UART_Init	8	static
../Core/Src/main.c:514:13:MX_GPIO_Init	56	static
../Core/Src/main.c:578:6:HAL_TIM_PeriodElapsedCallback	16	static
../Core/Src/main.c:595:6:Error_Handler	8	static,ignoring_inline_asm
