../Core/Inc/filters.h:20:6:MinMaxAvgStatistic_init	16	static
../Core/Inc/filters.h:28:6:MinMaxAvgStatistic_process	24	static
../Core/Inc/filters.h:46:6:MinMaxAvgStatistic_reset	16	static
../Core/Inc/filters.h:54:7:MinMaxAvgStatistic_minimum	16	static
../Core/Inc/filters.h:59:7:MinMaxAvgStatistic_maximum	16	static
../Core/Inc/filters.h:64:7:MinMaxAvgStatistic_average	24	static
../Core/Inc/filters.h:90:6:HighPassFilter_init1	16	static
../Core/Inc/filters.h:99:6:HighPassFilter_init2	32	static
../Core/Inc/filters.h:108:7:HighPassFilter_process	24	static
../Core/Inc/filters.h:125:6:HighPassFilter_reset	16	static
../Core/Inc/filters.h:142:6:LowPassFilter_init1	16	static
../Core/Inc/filters.h:149:6:LowPassFilter_init2	32	static
../Core/Inc/filters.h:156:7:LowPassFilter_process	24	static
../Core/Inc/filters.h:168:6:LowPassFilter_reset	16	static
../Core/Inc/filters.h:181:6:Differentiator_init1	16	static
../Core/Inc/filters.h:189:7:Differentiator_process	24	static
../Core/Inc/filters.h:198:6:Differentiator_reset	16	static
../Core/Inc/filters.h:214:6:MovingAverageFilter_init1	16	static
../Core/Inc/filters.h:226:7:MovingAverageFilter_process	24	static
../Core/Inc/filters.h:249:6:MovingAverageFilter_reset	16	static
../Core/Inc/filters.h:258:5:MovingAverageFilter_count	16	static
../Core/Src/max_processing.c:23:5:calculate_heart_rate	40	static
../Core/Src/max_processing.c:89:6:initialize_filters_1	8	static
../Core/Src/max_processing.c:108:5:advanced_heartbeat_detection	32	static
../Core/Src/max_processing.c:226:6:initialize_filters_2	8	static
../Core/Src/max_processing.c:259:7:calculate_spo2	72	static
